{
  "안녕하세요": "insert your translation here",
  "안녕하세요 스팬입니다": "insert your translation here",
  "안녕하세요 여기에 입력해 주세요": "insert your translation here",
  "{{name}}님 안녕하세요": "insert your translation here",
  "반갑습니다": "insert your translation here",
  "표현식 컴포넌트: 안녕하세요": "insert your translation here",
  "아침": "insert your translation here",
  "오후": "insert your translation here",
  "{{user.name}}님, 지금은 {{timeStr}}입니다. Hello!": "insert your translation here",
  "이건 내부 함수의 한글": "insert your translation here",
  "안녕하세요 - 삼항연산자": "insert your translation here",
  "안녕하세요 타이틀": "insert your translation here",
  "한글 라벨": "insert your translation here",
  "한글 paragraph": "insert your translation here",
  "{{user.name}}님, 오늘은 {{date}} 입니다. Have a good day!": "insert your translation here",
  "{{value}}님 - 한글": "insert your translation here",
  "잠시후 다시 시도해주세요": "insert your translation here",
  "테스트": "insert your translation here",
  "김X님": "insert your translation here",
  "양X님": "insert your translation here"
}